nm22220@ojas-dd697 MINGW64 ~/Desktop/today/Sadiq-Demo (master)
$ git status
On branch master
Your branch is up to date with 'origin/master'.

Changes not staged for commit:
  (use "git add <file>..." to update what will be committed)
  (use "git restore <file>..." to discard changes in working directory)
        modified:   login 5.txt

no changes added to commit (use "git add" and/or "git commit -a")

nm22220@ojas-dd697 MINGW64 ~/Desktop/today/Sadiq-Demo (master)
$ git add .

nm22220@ojas-dd697 MINGW64 ~/Desktop/today/Sadiq-Demo (master)
$ git status
On branch master
Your branch is up to date with 'origin/master'.

Changes to be committed:
  (use "git restore --staged <file>..." to unstage)
        modified:   login 5.txt


nm22220@ojas-dd697 MINGW64 ~/Desktop/today/Sadiq-Demo (master)
$ git commit -m "modiefied file"
[master 09638bb] modiefied file
 Committer: Nagarjuna Reddy Mekala <nm22220@corp.ojas-it.com>
Your name and email address were configured automatically based
on your username and hostname. Please check that they are accurate.
You can suppress this message by setting them explicitly:

    git config --global user.name "Your Name"
    git config --global user.email you@example.com

After doing this, you may fix the identity used for this commit with:

    git commit --amend --reset-author

 1 file changed, 1 insertion(+)

nm22220@ojas-dd697 MINGW64 ~/Desktop/today/Sadiq-Demo (master)
$ git pull origin master
From https://github.com/MekalaNagarju/Sadiq-Demo
 * branch            master     -> FETCH_HEAD
Already up to date.

nm22220@ojas-dd697 MINGW64 ~/Desktop/today/Sadiq-Demo (master)
$ git push origin master
Enumerating objects: 5, done.
Counting objects: 100% (5/5), done.
Delta compression using up to 6 threads
Compressing objects: 100% (3/3), done.
Writing objects: 100% (3/3), 322 bytes | 322.00 KiB/s, done.
Total 3 (delta 1), reused 0 (delta 0), pack-reused 0
remote: Resolving deltas: 100% (1/1), completed with 1 local object.
To https://github.com/MekalaNagarju/Sadiq-Demo.git
   be5fa27..09638bb  master -> master

nm22220@ojas-dd697 MINGW64 ~/Desktop/today/Sadiq-Demo (master)
$ ^C

nm22220@ojas-dd697 MINGW64 ~/Desktop/today/Sadiq-Demo (master)
$ ^C

nm22220@ojas-dd697 MINGW64 ~/Desktop/today/Sadiq-Demo (master)
$
